// Jest Snapshot v1, https://goo.gl/fbAQLP

exports[`Modal renders modal and opens 1`] = `
<body
  data-scroll-locked="1"
  style="position: fixed !important; top: 0px; left: 0px; right: 0px; height: auto; pointer-events: none;"
>
  <span
    aria-hidden="true"
    data-aria-hidden="true"
    data-radix-focus-guard=""
    style="outline: none; opacity: 0; position: fixed; pointer-events: none;"
    tabindex="0"
  />
  <div
    aria-hidden="true"
    data-aria-hidden="true"
  >
    <button
      aria-controls="radix-:r0:"
      aria-expanded="true"
      aria-haspopup="dialog"
      data-state="open"
      type="button"
    >
      Open Modal
    </button>
  </div>
  <div
    aria-hidden="true"
    class="fixed inset-0 z-50 bg-black/80"
    data-aria-hidden="true"
    data-state="open"
    style="pointer-events: auto;"
    vaul-drawer-visible="false"
    vaul-overlay=""
    vaul-snap-points="false"
    vaul-snap-points-overlay="true"
  />
  <div
    aria-describedby="radix-:r2:"
    aria-labelledby="radix-:r1:"
    class="bg-background fixed inset-x-0 bottom-0 z-50 mt-24 flex h-auto flex-col rounded-t-[10px] border"
    data-state="open"
    id="radix-:r0:"
    role="dialog"
    tabindex="-1"
    vaul-drawer=""
    vaul-drawer-direction="bottom"
    vaul-drawer-visible="false"
  >
    <div
      class="bg-muted mx-auto mt-4 h-2 w-[100px] rounded-full"
    />
    <div
      class="grid gap-1.5 p-4 text-center sm:text-left"
    >
      <h2
        class="text-lg font-semibold leading-none tracking-tight"
        id="radix-:r1:"
      >
        This is the title
      </h2>
      <p
        class="text-muted-foreground text-sm"
        id="radix-:r2:"
      >
        This is the description
      </p>
    </div>
    <div
      class="mt-auto flex flex-col gap-2 p-4"
    >
      <p>
        Here should be a form or something else, but for now it's just a text
      </p>
    </div>
  </div>
  <span
    aria-hidden="true"
    data-aria-hidden="true"
    data-radix-focus-guard=""
    style="outline: none; opacity: 0; position: fixed; pointer-events: none;"
    tabindex="0"
  />
</body>
`;

exports[`renders snapshot modal unchanged 1`] = `
<div>
  <button
    aria-controls="radix-:r3:"
    aria-expanded="false"
    aria-haspopup="dialog"
    data-state="closed"
    type="button"
  >
    Open Modal
  </button>
</div>
`;
